// Jest Snapshot v1, https://goo.gl/fbAQLP

exports[`fetchData fetch the same url 1`] = `"https://api.github.com/search/repositories?q=created:%3E2017-01-10&sort=stars&order=desc"`;

exports[`fetchData fetche the same url 1`] = `"https://api.github.com/search/repositories?q=created:%3E2017-01-10&sort=stars&order=desc"`;
